// Jest Snapshot v1, https://goo.gl/fbAQLP

exports[`ListaTareas Component renders correctly 1`] = `ShallowWrapper {}`;
